    Blocking waiting for file lock on build directory
    Finished `test` profile [unoptimized + debuginfo] target(s) in 0.06s
     Running unittests src/main.rs (target/debug/deps/cadence-a9d355434cc6f1ff)

running 6 tests
test envelope::tests::every_arm_round_trips_through_serde_json ... ok
test envelope::tests::ok_puts_the_payload_fields_beside_the_tag ... ok
test envelope::tests::not_applicable_keeps_its_hyphen ... ok
test envelope::tests::refused_carries_a_code_and_prose_reason ... ok
test envelope::tests::refused_is_a_successful_call_carrying_its_refusal ... ok
test envelope::tests::unknown_carries_a_code_and_prose_reason ... ok

test result: ok. 6 passed; 0 failed; 0 ignored; 0 measured; 0 filtered out; finished in 0.00s

     Running tests/golden.rs (target/debug/deps/golden-0a626cbabeea6814)

running 25 tests
test empty_projection_fails_at_build_by_operation ... ok
test nonexistent_bundle_names_the_bundle ... ok
test files_only_control_names_changed_file_and_deleted_list ... ok
test loads_committed_recordings_manifest_and_rules ... ok
test every_recording_is_compared_or_pending ... FAILED
test snapshot_worker ... ok
test corrupt_recording_names_its_file ... ok
test empty_activated_projection_fails_walk_before_driver ... ok
test absent_activated_projection_fails_walk_by_operation ... FAILED
test malformed_rule_names_file_and_rule ... ok
test cursor_control_normalizes_real_day_in_stdout_and_file ... ok
test hook_decision_control_rejects_allow ... ok
test missing_recording_fails_walk_by_invocation ... ok
test nested_insertion_order_does_not_create_a_diff ... ok
test normalization_preserves_moved_seed_lines_tree_wide ... ok
test extra_recording_fails_walk_by_file ... ok
test every_manifest_bundle_materializes_intact ... ok
test control_driver_accounts_for_each_activated_invocation ... FAILED
test flipped_replay_renders_insta_diff - should panic ... ok
test unrecorded_activation_fails_walk_by_operation ... FAILED
test stdout_root_control_requires_substitution ... ok
test replay_control_accepts_own_answer_and_names_flipped_key ... ok
test wrong_control_driver_fails_the_walk_through_insta - should panic ... FAILED
test refusal_control_compares_machine_code_for_each_non_ok_arm ... ok
test trace_control_normalizes_only_new_fields_and_rejects_restamped_seed ... ok

failures:

---- every_recording_is_compared_or_pending stdout ----

thread 'every_recording_is_compared_or_pending' (260892) panicked at crates/cadence/tests/golden.rs:1129:84:
called `Result::unwrap()` on an `Err` value: "task-record-ok.json: recording metadata disagrees with operations.json"
note: run with `RUST_BACKTRACE=1` environment variable to display a backtrace

---- absent_activated_projection_fails_walk_by_operation stdout ----

thread 'absent_activated_projection_fails_walk_by_operation' (260885) panicked at crates/cadence/tests/golden.rs:1207:5:
task-record-ok.json: recording metadata disagrees with operations.json

---- control_driver_accounts_for_each_activated_invocation stdout ----

thread 'control_driver_accounts_for_each_activated_invocation' (260886) panicked at crates/cadence/tests/golden.rs:1225:77:
called `Result::unwrap()` on an `Err` value: "task-record-ok.json: recording metadata disagrees with operations.json"

---- unrecorded_activation_fails_walk_by_operation stdout ----

thread 'unrecorded_activation_fails_walk_by_operation' (260909) panicked at crates/cadence/tests/golden.rs:1184:5:
task-record-ok.json: recording metadata disagrees with operations.json

---- wrong_control_driver_fails_the_walk_through_insta stdout ----

thread 'wrong_control_driver_fails_the_walk_through_insta' (260910) panicked at crates/cadence/tests/golden.rs:1252:60:
called `Result::unwrap()` on an `Err` value: "task-record-ok.json: recording metadata disagrees with operations.json"
note: panic did not contain expected string
      panic message: "called `Result::unwrap()` on an `Err` value: \"task-record-ok.json: recording metadata disagrees with operations.json\""
 expected substring: "golden mismatch: replay"

failures:
    absent_activated_projection_fails_walk_by_operation
    control_driver_accounts_for_each_activated_invocation
    every_recording_is_compared_or_pending
    unrecorded_activation_fails_walk_by_operation
    wrong_control_driver_fails_the_walk_through_insta

test result: FAILED. 20 passed; 5 failed; 0 ignored; 0 measured; 0 filtered out; finished in 0.05s

error: test failed, to rerun pass `--test golden`
