0 verbose cli /usr/bin/node /usr/lib/node_modules/npm/bin/npm-cli.js
1 info using npm@12.0.2
2 info using node@v26.8.1
3 silly config load:file:/usr/lib/node_modules/npm/npmrc
4 silly config load:file:/code/cadence/.npmrc
5 silly config load:file:/home/john/.npmrc
6 silly config load:file:/etc/npmrc
7 verbose title npm exec tsc -p tsconfig.ci.json
8 verbose argv "exec" "--yes" "false" "--" "tsc" "-p" "tsconfig.ci.json"
9 verbose logfile logs-max:10 dir:/code/cadence/.planning/phases/2/reports/resume-work/npm-cache/_logs/2026-09-06T12_37_06_470Z-
10 verbose logfile /code/cadence/.planning/phases/2/reports/resume-work/npm-cache/_logs/2026-09-06T12_37_06_470Z-debug-0.log
11 silly logfile done cleaning log files
12 notice run npx
13 notice run 'tsc' -p tsconfig.ci.json
14 verbose cwd /code/cadence
15 verbose os Linux 7.2.3-1-cachyos
16 verbose node v26.8.1
17 verbose npm  v12.0.2
18 verbose exit 0
19 info ok
